/isilon/users/target/target/KAMO_BAK/2020A/AutoUsers/200618/toma/_kamo_30deg/merge_ccc-cc2-ward_2.17S_Trn1_C11_V/input_files/CPS4474-03/data00/cry00_1-300/XDS_ASCII.HKL_noscale
/isilon/users/target/target/KAMO_BAK/2020A/AutoUsers/200618/toma/_kamo_30deg/merge_ccc-cc2-ward_2.17S_Trn1_C11_V/input_files/CPS4474-03/data00/cry00_1501-1800/XDS_ASCII.HKL_noscale
/isilon/users/target/target/KAMO_BAK/2020A/AutoUsers/200618/toma/_kamo_30deg/merge_ccc-cc2-ward_2.17S_Trn1_C11_V/input_files/CPS4474-03/data00/cry00_2401-2700/XDS_ASCII.HKL_noscale
/isilon/users/target/target/KAMO_BAK/2020A/AutoUsers/200618/toma/_kamo_30deg/merge_ccc-cc2-ward_2.17S_Trn1_C11_V/input_files/CPS4474-03/data00/cry00_2701-3000/XDS_ASCII.HKL_noscale
/isilon/users/target/target/KAMO_BAK/2020A/AutoUsers/200618/toma/_kamo_30deg/merge_ccc-cc2-ward_2.17S_Trn1_C11_V/input_files/CPS4474-03/data00/cry00_3001-3300/XDS_ASCII.HKL_noscale
/isilon/users/target/target/KAMO_BAK/2020A/AutoUsers/200618/toma/_kamo_30deg/merge_ccc-cc2-ward_2.17S_Trn1_C11_V/input_files/CPS4474-03/data00/cry00_301-600/XDS_ASCII.HKL_noscale
/isilon/users/target/target/KAMO_BAK/2020A/AutoUsers/200618/toma/_kamo_30deg/merge_ccc-cc2-ward_2.17S_Trn1_C11_V/input_files/CPS4474-03/data00/cry00_3301-3600/XDS_ASCII.HKL_noscale
/isilon/users/target/target/KAMO_BAK/2020A/AutoUsers/200618/toma/_kamo_30deg/merge_ccc-cc2-ward_2.17S_Trn1_C11_V/input_files/CPS4474-03/data00/cry00_3601-3900/XDS_ASCII.HKL_noscale
/isilon/users/target/target/KAMO_BAK/2020A/AutoUsers/200618/toma/_kamo_30deg/merge_ccc-cc2-ward_2.17S_Trn1_C11_V/input_files/CPS4474-03/data00/cry00_3901-4200/XDS_ASCII.HKL_noscale
/isilon/users/target/target/KAMO_BAK/2020A/AutoUsers/200618/toma/_kamo_30deg/merge_ccc-cc2-ward_2.17S_Trn1_C11_V/input_files/CPS4474-03/data00/cry00_4201-4500/XDS_ASCII.HKL_noscale
/isilon/users/target/target/KAMO_BAK/2020A/AutoUsers/200618/toma/_kamo_30deg/merge_ccc-cc2-ward_2.17S_Trn1_C11_V/input_files/CPS4474-03/data00/cry00_4501-4800/XDS_ASCII.HKL_noscale
/isilon/users/target/target/KAMO_BAK/2020A/AutoUsers/200618/toma/_kamo_30deg/merge_ccc-cc2-ward_2.17S_Trn1_C11_V/input_files/CPS4474-03/data00/cry00_4801-5100/XDS_ASCII.HKL_noscale
/isilon/users/target/target/KAMO_BAK/2020A/AutoUsers/200618/toma/_kamo_30deg/merge_ccc-cc2-ward_2.17S_Trn1_C11_V/input_files/CPS4474-03/data00/cry00_6001-6300/XDS_ASCII.HKL_noscale
/isilon/users/target/target/KAMO_BAK/2020A/AutoUsers/200618/toma/_kamo_30deg/merge_ccc-cc2-ward_2.17S_Trn1_C11_V/input_files/CPS4474-03/data00/cry00_601-900/XDS_ASCII.HKL_noscale
/isilon/users/target/target/KAMO_BAK/2020A/AutoUsers/200618/toma/_kamo_30deg/merge_ccc-cc2-ward_2.17S_Trn1_C11_V/input_files/CPS4474-03/data00/cry00_6301-6600/XDS_ASCII.HKL_noscale
/isilon/users/target/target/KAMO_BAK/2020A/AutoUsers/200618/toma/_kamo_30deg/merge_ccc-cc2-ward_2.17S_Trn1_C11_V/input_files/CPS4474-03/data00/cry00_6601-6900/XDS_ASCII.HKL_noscale
/isilon/users/target/target/KAMO_BAK/2020A/AutoUsers/200618/toma/_kamo_30deg/merge_ccc-cc2-ward_2.17S_Trn1_C11_V/input_files/CPS4474-03/data00/cry00_6901-7200/XDS_ASCII.HKL_noscale
/isilon/users/target/target/KAMO_BAK/2020A/AutoUsers/200618/toma/_kamo_30deg/merge_ccc-cc2-ward_2.17S_Trn1_C11_V/input_files/CPS4474-03/data00/cry00_901-1200/XDS_ASCII.HKL_noscale
/isilon/users/target/target/KAMO_BAK/2020A/AutoUsers/200618/toma/_kamo_30deg/merge_ccc-cc2-ward_2.17S_Trn1_C11_V/input_files/CPS4474-04/data00/cry00_1-300/XDS_ASCII.HKL_noscale
/isilon/users/target/target/KAMO_BAK/2020A/AutoUsers/200618/toma/_kamo_30deg/merge_ccc-cc2-ward_2.17S_Trn1_C11_V/input_files/CPS4474-04/data00/cry00_1201-1500/XDS_ASCII.HKL_noscale
/isilon/users/target/target/KAMO_BAK/2020A/AutoUsers/200618/toma/_kamo_30deg/merge_ccc-cc2-ward_2.17S_Trn1_C11_V/input_files/CPS4474-04/data00/cry00_1501-1800/XDS_ASCII.HKL_noscale
/isilon/users/target/target/KAMO_BAK/2020A/AutoUsers/200618/toma/_kamo_30deg/merge_ccc-cc2-ward_2.17S_Trn1_C11_V/input_files/CPS4474-04/data00/cry00_1801-2100/XDS_ASCII.HKL_noscale
/isilon/users/target/target/KAMO_BAK/2020A/AutoUsers/200618/toma/_kamo_30deg/merge_ccc-cc2-ward_2.17S_Trn1_C11_V/input_files/CPS4474-04/data00/cry00_2101-2400/XDS_ASCII.HKL_noscale
/isilon/users/target/target/KAMO_BAK/2020A/AutoUsers/200618/toma/_kamo_30deg/merge_ccc-cc2-ward_2.17S_Trn1_C11_V/input_files/CPS4474-04/data00/cry00_2401-2700/XDS_ASCII.HKL_noscale
/isilon/users/target/target/KAMO_BAK/2020A/AutoUsers/200618/toma/_kamo_30deg/merge_ccc-cc2-ward_2.17S_Trn1_C11_V/input_files/CPS4474-04/data00/cry00_301-600/XDS_ASCII.HKL_noscale
/isilon/users/target/target/KAMO_BAK/2020A/AutoUsers/200618/toma/_kamo_30deg/merge_ccc-cc2-ward_2.17S_Trn1_C11_V/input_files/CPS4474-04/data00/cry00_3601-3900/XDS_ASCII.HKL_noscale
/isilon/users/target/target/KAMO_BAK/2020A/AutoUsers/200618/toma/_kamo_30deg/merge_ccc-cc2-ward_2.17S_Trn1_C11_V/input_files/CPS4474-04/data00/cry00_3901-4200/XDS_ASCII.HKL_noscale
/isilon/users/target/target/KAMO_BAK/2020A/AutoUsers/200618/toma/_kamo_30deg/merge_ccc-cc2-ward_2.17S_Trn1_C11_V/input_files/CPS4474-04/data00/cry00_4201-4500/XDS_ASCII.HKL_noscale
/isilon/users/target/target/KAMO_BAK/2020A/AutoUsers/200618/toma/_kamo_30deg/merge_ccc-cc2-ward_2.17S_Trn1_C11_V/input_files/CPS4474-04/data00/cry00_4801-5100/XDS_ASCII.HKL_noscale
/isilon/users/target/target/KAMO_BAK/2020A/AutoUsers/200618/toma/_kamo_30deg/merge_ccc-cc2-ward_2.17S_Trn1_C11_V/input_files/CPS4474-04/data00/cry00_5101-5400/XDS_ASCII.HKL_noscale
/isilon/users/target/target/KAMO_BAK/2020A/AutoUsers/200618/toma/_kamo_30deg/merge_ccc-cc2-ward_2.17S_Trn1_C11_V/input_files/CPS4474-04/data00/cry00_5401-5700/XDS_ASCII.HKL_noscale
/isilon/users/target/target/KAMO_BAK/2020A/AutoUsers/200618/toma/_kamo_30deg/merge_ccc-cc2-ward_2.17S_Trn1_C11_V/input_files/CPS4474-04/data00/cry00_5701-6000/XDS_ASCII.HKL_noscale
/isilon/users/target/target/KAMO_BAK/2020A/AutoUsers/200618/toma/_kamo_30deg/merge_ccc-cc2-ward_2.17S_Trn1_C11_V/input_files/CPS4474-04/data00/cry00_601-900/XDS_ASCII.HKL_noscale
/isilon/users/target/target/KAMO_BAK/2020A/AutoUsers/200618/toma/_kamo_30deg/merge_ccc-cc2-ward_2.17S_Trn1_C11_V/input_files/CPS4474-04/data00/cry00_6601-6900/XDS_ASCII.HKL_noscale
/isilon/users/target/target/KAMO_BAK/2020A/AutoUsers/200618/toma/_kamo_30deg/merge_ccc-cc2-ward_2.17S_Trn1_C11_V/input_files/CPS4474-04/data00/cry00_6901-7200/XDS_ASCII.HKL_noscale
/isilon/users/target/target/KAMO_BAK/2020A/AutoUsers/200618/toma/_kamo_30deg/merge_ccc-cc2-ward_2.17S_Trn1_C11_V/input_files/CPS4474-04/data00/cry00_901-1200/XDS_ASCII.HKL_noscale
/isilon/users/target/target/KAMO_BAK/2020A/AutoUsers/200618/toma/_kamo_30deg/merge_ccc-cc2-ward_2.17S_Trn1_C11_V/input_files/CPS4474-05/data00/cry00_1-300/XDS_ASCII.HKL_noscale
/isilon/users/target/target/KAMO_BAK/2020A/AutoUsers/200618/toma/_kamo_30deg/merge_ccc-cc2-ward_2.17S_Trn1_C11_V/input_files/CPS4474-05/data00/cry00_1201-1500/XDS_ASCII.HKL_noscale
/isilon/users/target/target/KAMO_BAK/2020A/AutoUsers/200618/toma/_kamo_30deg/merge_ccc-cc2-ward_2.17S_Trn1_C11_V/input_files/CPS4474-05/data00/cry00_1501-1800/XDS_ASCII.HKL_noscale
/isilon/users/target/target/KAMO_BAK/2020A/AutoUsers/200618/toma/_kamo_30deg/merge_ccc-cc2-ward_2.17S_Trn1_C11_V/input_files/CPS4474-05/data00/cry00_1801-2100/XDS_ASCII.HKL_noscale
/isilon/users/target/target/KAMO_BAK/2020A/AutoUsers/200618/toma/_kamo_30deg/merge_ccc-cc2-ward_2.17S_Trn1_C11_V/input_files/CPS4474-05/data00/cry00_2101-2400/XDS_ASCII.HKL_noscale
/isilon/users/target/target/KAMO_BAK/2020A/AutoUsers/200618/toma/_kamo_30deg/merge_ccc-cc2-ward_2.17S_Trn1_C11_V/input_files/CPS4474-05/data00/cry00_2401-2700/XDS_ASCII.HKL_noscale
/isilon/users/target/target/KAMO_BAK/2020A/AutoUsers/200618/toma/_kamo_30deg/merge_ccc-cc2-ward_2.17S_Trn1_C11_V/input_files/CPS4474-05/data00/cry00_2701-3000/XDS_ASCII.HKL_noscale
/isilon/users/target/target/KAMO_BAK/2020A/AutoUsers/200618/toma/_kamo_30deg/merge_ccc-cc2-ward_2.17S_Trn1_C11_V/input_files/CPS4474-05/data00/cry00_3001-3300/XDS_ASCII.HKL_noscale
/isilon/users/target/target/KAMO_BAK/2020A/AutoUsers/200618/toma/_kamo_30deg/merge_ccc-cc2-ward_2.17S_Trn1_C11_V/input_files/CPS4474-05/data00/cry00_301-600/XDS_ASCII.HKL_noscale
/isilon/users/target/target/KAMO_BAK/2020A/AutoUsers/200618/toma/_kamo_30deg/merge_ccc-cc2-ward_2.17S_Trn1_C11_V/input_files/CPS4474-05/data00/cry00_3301-3600/XDS_ASCII.HKL_noscale
/isilon/users/target/target/KAMO_BAK/2020A/AutoUsers/200618/toma/_kamo_30deg/merge_ccc-cc2-ward_2.17S_Trn1_C11_V/input_files/CPS4474-05/data00/cry00_3601-3900/XDS_ASCII.HKL_noscale
/isilon/users/target/target/KAMO_BAK/2020A/AutoUsers/200618/toma/_kamo_30deg/merge_ccc-cc2-ward_2.17S_Trn1_C11_V/input_files/CPS4474-05/data00/cry00_3901-4200/XDS_ASCII.HKL_noscale
/isilon/users/target/target/KAMO_BAK/2020A/AutoUsers/200618/toma/_kamo_30deg/merge_ccc-cc2-ward_2.17S_Trn1_C11_V/input_files/CPS4474-05/data00/cry00_4201-4500/XDS_ASCII.HKL_noscale
/isilon/users/target/target/KAMO_BAK/2020A/AutoUsers/200618/toma/_kamo_30deg/merge_ccc-cc2-ward_2.17S_Trn1_C11_V/input_files/CPS4474-05/data00/cry00_4501-4800/XDS_ASCII.HKL_noscale
/isilon/users/target/target/KAMO_BAK/2020A/AutoUsers/200618/toma/_kamo_30deg/merge_ccc-cc2-ward_2.17S_Trn1_C11_V/input_files/CPS4474-05/data00/cry00_4801-5100/XDS_ASCII.HKL_noscale
/isilon/users/target/target/KAMO_BAK/2020A/AutoUsers/200618/toma/_kamo_30deg/merge_ccc-cc2-ward_2.17S_Trn1_C11_V/input_files/CPS4474-05/data00/cry00_5101-5400/XDS_ASCII.HKL_noscale
/isilon/users/target/target/KAMO_BAK/2020A/AutoUsers/200618/toma/_kamo_30deg/merge_ccc-cc2-ward_2.17S_Trn1_C11_V/input_files/CPS4474-05/data00/cry00_5401-5700/XDS_ASCII.HKL_noscale
/isilon/users/target/target/KAMO_BAK/2020A/AutoUsers/200618/toma/_kamo_30deg/merge_ccc-cc2-ward_2.17S_Trn1_C11_V/input_files/CPS4474-05/data00/cry00_5701-6000/XDS_ASCII.HKL_noscale
/isilon/users/target/target/KAMO_BAK/2020A/AutoUsers/200618/toma/_kamo_30deg/merge_ccc-cc2-ward_2.17S_Trn1_C11_V/input_files/CPS4474-05/data00/cry00_6001-6300/XDS_ASCII.HKL_noscale
/isilon/users/target/target/KAMO_BAK/2020A/AutoUsers/200618/toma/_kamo_30deg/merge_ccc-cc2-ward_2.17S_Trn1_C11_V/input_files/CPS4474-05/data00/cry00_601-900/XDS_ASCII.HKL_noscale
/isilon/users/target/target/KAMO_BAK/2020A/AutoUsers/200618/toma/_kamo_30deg/merge_ccc-cc2-ward_2.17S_Trn1_C11_V/input_files/CPS4474-05/data00/cry00_6301-6600/XDS_ASCII.HKL_noscale
/isilon/users/target/target/KAMO_BAK/2020A/AutoUsers/200618/toma/_kamo_30deg/merge_ccc-cc2-ward_2.17S_Trn1_C11_V/input_files/CPS4474-05/data00/cry00_6601-6900/XDS_ASCII.HKL_noscale
/isilon/users/target/target/KAMO_BAK/2020A/AutoUsers/200618/toma/_kamo_30deg/merge_ccc-cc2-ward_2.17S_Trn1_C11_V/input_files/CPS4474-05/data00/cry00_6901-7200/XDS_ASCII.HKL_noscale
/isilon/users/target/target/KAMO_BAK/2020A/AutoUsers/200618/toma/_kamo_30deg/merge_ccc-cc2-ward_2.17S_Trn1_C11_V/input_files/CPS4474-05/data00/cry00_901-1200/XDS_ASCII.HKL_noscale
/isilon/users/target/target/KAMO_BAK/2020A/AutoUsers/200618/toma/_kamo_30deg/merge_ccc-cc2-ward_2.17S_Trn1_C11_V/input_files/CPS4474-08/data00/cry00_1201-1500/XDS_ASCII.HKL_noscale
/isilon/users/target/target/KAMO_BAK/2020A/AutoUsers/200618/toma/_kamo_30deg/merge_ccc-cc2-ward_2.17S_Trn1_C11_V/input_files/CPS4474-08/data00/cry00_1501-1800/XDS_ASCII.HKL_noscale
/isilon/users/target/target/KAMO_BAK/2020A/AutoUsers/200618/toma/_kamo_30deg/merge_ccc-cc2-ward_2.17S_Trn1_C11_V/input_files/CPS4474-08/data00/cry00_1801-2100/XDS_ASCII.HKL_noscale
/isilon/users/target/target/KAMO_BAK/2020A/AutoUsers/200618/toma/_kamo_30deg/merge_ccc-cc2-ward_2.17S_Trn1_C11_V/input_files/CPS4474-08/data00/cry00_2101-2400/XDS_ASCII.HKL_noscale
/isilon/users/target/target/KAMO_BAK/2020A/AutoUsers/200618/toma/_kamo_30deg/merge_ccc-cc2-ward_2.17S_Trn1_C11_V/input_files/CPS4474-08/data00/cry00_2401-2700/XDS_ASCII.HKL_noscale
/isilon/users/target/target/KAMO_BAK/2020A/AutoUsers/200618/toma/_kamo_30deg/merge_ccc-cc2-ward_2.17S_Trn1_C11_V/input_files/CPS4474-08/data00/cry00_2701-3000/XDS_ASCII.HKL_noscale
/isilon/users/target/target/KAMO_BAK/2020A/AutoUsers/200618/toma/_kamo_30deg/merge_ccc-cc2-ward_2.17S_Trn1_C11_V/input_files/CPS4474-08/data00/cry00_3001-3300/XDS_ASCII.HKL_noscale
/isilon/users/target/target/KAMO_BAK/2020A/AutoUsers/200618/toma/_kamo_30deg/merge_ccc-cc2-ward_2.17S_Trn1_C11_V/input_files/CPS4474-08/data00/cry00_301-600/XDS_ASCII.HKL_noscale
/isilon/users/target/target/KAMO_BAK/2020A/AutoUsers/200618/toma/_kamo_30deg/merge_ccc-cc2-ward_2.17S_Trn1_C11_V/input_files/CPS4474-08/data00/cry00_3301-3600/XDS_ASCII.HKL_noscale
/isilon/users/target/target/KAMO_BAK/2020A/AutoUsers/200618/toma/_kamo_30deg/merge_ccc-cc2-ward_2.17S_Trn1_C11_V/input_files/CPS4474-08/data00/cry00_3601-3900/XDS_ASCII.HKL_noscale
/isilon/users/target/target/KAMO_BAK/2020A/AutoUsers/200618/toma/_kamo_30deg/merge_ccc-cc2-ward_2.17S_Trn1_C11_V/input_files/CPS4474-08/data00/cry00_3901-4200/XDS_ASCII.HKL_noscale
/isilon/users/target/target/KAMO_BAK/2020A/AutoUsers/200618/toma/_kamo_30deg/merge_ccc-cc2-ward_2.17S_Trn1_C11_V/input_files/CPS4474-08/data00/cry00_4201-4500/XDS_ASCII.HKL_noscale
/isilon/users/target/target/KAMO_BAK/2020A/AutoUsers/200618/toma/_kamo_30deg/merge_ccc-cc2-ward_2.17S_Trn1_C11_V/input_files/CPS4474-08/data00/cry00_4501-4800/XDS_ASCII.HKL_noscale
/isilon/users/target/target/KAMO_BAK/2020A/AutoUsers/200618/toma/_kamo_30deg/merge_ccc-cc2-ward_2.17S_Trn1_C11_V/input_files/CPS4474-08/data00/cry00_4801-5100/XDS_ASCII.HKL_noscale
/isilon/users/target/target/KAMO_BAK/2020A/AutoUsers/200618/toma/_kamo_30deg/merge_ccc-cc2-ward_2.17S_Trn1_C11_V/input_files/CPS4474-08/data00/cry00_5101-5400/XDS_ASCII.HKL_noscale
/isilon/users/target/target/KAMO_BAK/2020A/AutoUsers/200618/toma/_kamo_30deg/merge_ccc-cc2-ward_2.17S_Trn1_C11_V/input_files/CPS4474-08/data00/cry00_5401-5700/XDS_ASCII.HKL_noscale
/isilon/users/target/target/KAMO_BAK/2020A/AutoUsers/200618/toma/_kamo_30deg/merge_ccc-cc2-ward_2.17S_Trn1_C11_V/input_files/CPS4474-08/data00/cry00_5701-6000/XDS_ASCII.HKL_noscale
/isilon/users/target/target/KAMO_BAK/2020A/AutoUsers/200618/toma/_kamo_30deg/merge_ccc-cc2-ward_2.17S_Trn1_C11_V/input_files/CPS4474-08/data00/cry00_6001-6300/XDS_ASCII.HKL_noscale
/isilon/users/target/target/KAMO_BAK/2020A/AutoUsers/200618/toma/_kamo_30deg/merge_ccc-cc2-ward_2.17S_Trn1_C11_V/input_files/CPS4474-08/data00/cry00_601-900/XDS_ASCII.HKL_noscale
/isilon/users/target/target/KAMO_BAK/2020A/AutoUsers/200618/toma/_kamo_30deg/merge_ccc-cc2-ward_2.17S_Trn1_C11_V/input_files/CPS4474-08/data00/cry00_6301-6600/XDS_ASCII.HKL_noscale
/isilon/users/target/target/KAMO_BAK/2020A/AutoUsers/200618/toma/_kamo_30deg/merge_ccc-cc2-ward_2.17S_Trn1_C11_V/input_files/CPS4474-08/data00/cry00_6601-6900/XDS_ASCII.HKL_noscale
/isilon/users/target/target/KAMO_BAK/2020A/AutoUsers/200618/toma/_kamo_30deg/merge_ccc-cc2-ward_2.17S_Trn1_C11_V/input_files/CPS4474-08/data00/cry00_6901-7200/XDS_ASCII.HKL_noscale
/isilon/users/target/target/KAMO_BAK/2020A/AutoUsers/200618/toma/_kamo_30deg/merge_ccc-cc2-ward_2.17S_Trn1_C11_V/input_files/CPS4474-08/data00/cry00_901-1200/XDS_ASCII.HKL_noscale