/isilon/users/target/target/Staff/mat/200617_trypsin_mizutaki/naoki/_kamo_30deg/merge_ccc-cc2-ward_1.2S_tryp02/input_files/200617_trypsin_apo/naoki/_kamo_30deg/CPS4483-01/data00/cry00_2401-2700/XDS_ASCII.HKL_noscale
/isilon/users/target/target/Staff/mat/200617_trypsin_mizutaki/naoki/_kamo_30deg/merge_ccc-cc2-ward_1.2S_tryp02/input_files/200617_trypsin_apo/naoki/_kamo_30deg/CPS4483-01/data00/cry00_1201-1500/XDS_ASCII.HKL_noscale
/isilon/users/target/target/Staff/mat/200617_trypsin_mizutaki/naoki/_kamo_30deg/merge_ccc-cc2-ward_1.2S_tryp02/input_files/200617_trypsin_apo/naoki/_kamo_30deg/CPS4483-01/data00/cry00_601-900/XDS_ASCII.HKL_noscale
/isilon/users/target/target/Staff/mat/200617_trypsin_mizutaki/naoki/_kamo_30deg/merge_ccc-cc2-ward_1.2S_tryp02/input_files/200617_trypsin_apo/naoki/_kamo_30deg/CPS4483-01/data00/cry00_3001-3300/XDS_ASCII.HKL_noscale
/isilon/users/target/target/Staff/mat/200617_trypsin_mizutaki/naoki/_kamo_30deg/merge_ccc-cc2-ward_1.2S_tryp02/input_files/200617_trypsin_apo/naoki/_kamo_30deg/CPS4483-01/data00/cry00_2701-3000/XDS_ASCII.HKL_noscale
/isilon/users/target/target/Staff/mat/200617_trypsin_mizutaki/naoki/_kamo_30deg/merge_ccc-cc2-ward_1.2S_tryp02/input_files/200617_trypsin_apo/naoki/_kamo_30deg/CPS4483-01/data00/cry00_301-600/XDS_ASCII.HKL_noscale
/isilon/users/target/target/Staff/mat/200617_trypsin_mizutaki/naoki/_kamo_30deg/merge_ccc-cc2-ward_1.2S_tryp02/input_files/200617_trypsin_apo/naoki/_kamo_30deg/CPS4483-01/data00/cry00_901-1200/XDS_ASCII.HKL_noscale
/isilon/users/target/target/Staff/mat/200617_trypsin_mizutaki/naoki/_kamo_30deg/merge_ccc-cc2-ward_1.2S_tryp02/input_files/200617_trypsin_apo/naoki/_kamo_30deg/CPS4483-01/data00/cry00_2101-2400/XDS_ASCII.HKL_noscale
/isilon/users/target/target/Staff/mat/200617_trypsin_mizutaki/naoki/_kamo_30deg/merge_ccc-cc2-ward_1.2S_tryp02/input_files/200617_trypsin_apo/naoki/_kamo_30deg/CPS4483-01/data00/cry00_1-300/XDS_ASCII.HKL_noscale
/isilon/users/target/target/Staff/mat/200617_trypsin_mizutaki/naoki/_kamo_30deg/merge_ccc-cc2-ward_1.2S_tryp02/input_files/200617_trypsin_apo/naoki/_kamo_30deg/CPS4483-01/data00/cry00_1501-1800/XDS_ASCII.HKL_noscale
/isilon/users/target/target/Staff/mat/200617_trypsin_mizutaki/naoki/_kamo_30deg/merge_ccc-cc2-ward_1.2S_tryp02/input_files/200617_trypsin_apo/naoki/_kamo_30deg/CPS4483-01/data00/cry00_3301-3600/XDS_ASCII.HKL_noscale
/isilon/users/target/target/Staff/mat/200617_trypsin_mizutaki/naoki/_kamo_30deg/merge_ccc-cc2-ward_1.2S_tryp02/input_files/200617_trypsin_apo/naoki/_kamo_30deg/CPS4483-01/data00/cry00_1801-2100/XDS_ASCII.HKL_noscale
/isilon/users/target/target/Staff/mat/200617_trypsin_mizutaki/naoki/_kamo_30deg/merge_ccc-cc2-ward_1.2S_tryp02/input_files/200617_trypsin_apo/naoki/_kamo_30deg/CPS4483-02/data00/cry00_2401-2700/XDS_ASCII.HKL_noscale
/isilon/users/target/target/Staff/mat/200617_trypsin_mizutaki/naoki/_kamo_30deg/merge_ccc-cc2-ward_1.2S_tryp02/input_files/200617_trypsin_apo/naoki/_kamo_30deg/CPS4483-02/data00/cry00_601-900/XDS_ASCII.HKL_noscale
/isilon/users/target/target/Staff/mat/200617_trypsin_mizutaki/naoki/_kamo_30deg/merge_ccc-cc2-ward_1.2S_tryp02/input_files/200617_trypsin_apo/naoki/_kamo_30deg/CPS4483-02/data00/cry00_3001-3300/XDS_ASCII.HKL_noscale
/isilon/users/target/target/Staff/mat/200617_trypsin_mizutaki/naoki/_kamo_30deg/merge_ccc-cc2-ward_1.2S_tryp02/input_files/200617_trypsin_apo/naoki/_kamo_30deg/CPS4483-02/data00/cry00_2701-3000/XDS_ASCII.HKL_noscale
/isilon/users/target/target/Staff/mat/200617_trypsin_mizutaki/naoki/_kamo_30deg/merge_ccc-cc2-ward_1.2S_tryp02/input_files/200617_trypsin_apo/naoki/_kamo_30deg/CPS4483-02/data00/cry00_301-600/XDS_ASCII.HKL_noscale
/isilon/users/target/target/Staff/mat/200617_trypsin_mizutaki/naoki/_kamo_30deg/merge_ccc-cc2-ward_1.2S_tryp02/input_files/200617_trypsin_apo/naoki/_kamo_30deg/CPS4483-02/data00/cry00_901-1200/XDS_ASCII.HKL_noscale
/isilon/users/target/target/Staff/mat/200617_trypsin_mizutaki/naoki/_kamo_30deg/merge_ccc-cc2-ward_1.2S_tryp02/input_files/200617_trypsin_apo/naoki/_kamo_30deg/CPS4483-02/data00/cry00_2101-2400/XDS_ASCII.HKL_noscale
/isilon/users/target/target/Staff/mat/200617_trypsin_mizutaki/naoki/_kamo_30deg/merge_ccc-cc2-ward_1.2S_tryp02/input_files/200617_trypsin_apo/naoki/_kamo_30deg/CPS4483-02/data00/cry00_1-300/XDS_ASCII.HKL_noscale
/isilon/users/target/target/Staff/mat/200617_trypsin_mizutaki/naoki/_kamo_30deg/merge_ccc-cc2-ward_1.2S_tryp02/input_files/200617_trypsin_apo/naoki/_kamo_30deg/CPS4483-02/data00/cry00_1501-1800/XDS_ASCII.HKL_noscale
/isilon/users/target/target/Staff/mat/200617_trypsin_mizutaki/naoki/_kamo_30deg/merge_ccc-cc2-ward_1.2S_tryp02/input_files/200617_trypsin_apo/naoki/_kamo_30deg/CPS4483-02/data00/cry00_3301-3600/XDS_ASCII.HKL_noscale
/isilon/users/target/target/Staff/mat/200617_trypsin_mizutaki/naoki/_kamo_30deg/merge_ccc-cc2-ward_1.2S_tryp02/input_files/200617_trypsin_apo/naoki/_kamo_30deg/CPS4483-02/data00/cry00_1801-2100/XDS_ASCII.HKL_noscale
/isilon/users/target/target/Staff/mat/200617_trypsin_mizutaki/naoki/_kamo_30deg/merge_ccc-cc2-ward_1.2S_tryp02/input_files/200617_trypsin_apo/naoki/_kamo_30deg/CPS4483-03/data00/cry00_2401-2700/XDS_ASCII.HKL_noscale
/isilon/users/target/target/Staff/mat/200617_trypsin_mizutaki/naoki/_kamo_30deg/merge_ccc-cc2-ward_1.2S_tryp02/input_files/200617_trypsin_apo/naoki/_kamo_30deg/CPS4483-03/data00/cry00_1201-1500/XDS_ASCII.HKL_noscale
/isilon/users/target/target/Staff/mat/200617_trypsin_mizutaki/naoki/_kamo_30deg/merge_ccc-cc2-ward_1.2S_tryp02/input_files/200617_trypsin_apo/naoki/_kamo_30deg/CPS4483-03/data00/cry00_601-900/XDS_ASCII.HKL_noscale
/isilon/users/target/target/Staff/mat/200617_trypsin_mizutaki/naoki/_kamo_30deg/merge_ccc-cc2-ward_1.2S_tryp02/input_files/200617_trypsin_apo/naoki/_kamo_30deg/CPS4483-03/data00/cry00_3001-3300/XDS_ASCII.HKL_noscale
/isilon/users/target/target/Staff/mat/200617_trypsin_mizutaki/naoki/_kamo_30deg/merge_ccc-cc2-ward_1.2S_tryp02/input_files/200617_trypsin_apo/naoki/_kamo_30deg/CPS4483-03/data00/cry00_2701-3000/XDS_ASCII.HKL_noscale
/isilon/users/target/target/Staff/mat/200617_trypsin_mizutaki/naoki/_kamo_30deg/merge_ccc-cc2-ward_1.2S_tryp02/input_files/200617_trypsin_apo/naoki/_kamo_30deg/CPS4483-03/data00/cry00_301-600/XDS_ASCII.HKL_noscale
/isilon/users/target/target/Staff/mat/200617_trypsin_mizutaki/naoki/_kamo_30deg/merge_ccc-cc2-ward_1.2S_tryp02/input_files/200617_trypsin_apo/naoki/_kamo_30deg/CPS4483-03/data00/cry00_901-1200/XDS_ASCII.HKL_noscale
/isilon/users/target/target/Staff/mat/200617_trypsin_mizutaki/naoki/_kamo_30deg/merge_ccc-cc2-ward_1.2S_tryp02/input_files/200617_trypsin_apo/naoki/_kamo_30deg/CPS4483-03/data00/cry00_2101-2400/XDS_ASCII.HKL_noscale
/isilon/users/target/target/Staff/mat/200617_trypsin_mizutaki/naoki/_kamo_30deg/merge_ccc-cc2-ward_1.2S_tryp02/input_files/200617_trypsin_apo/naoki/_kamo_30deg/CPS4483-03/data00/cry00_1-300/XDS_ASCII.HKL_noscale
/isilon/users/target/target/Staff/mat/200617_trypsin_mizutaki/naoki/_kamo_30deg/merge_ccc-cc2-ward_1.2S_tryp02/input_files/200617_trypsin_apo/naoki/_kamo_30deg/CPS4483-03/data00/cry00_1501-1800/XDS_ASCII.HKL_noscale
/isilon/users/target/target/Staff/mat/200617_trypsin_mizutaki/naoki/_kamo_30deg/merge_ccc-cc2-ward_1.2S_tryp02/input_files/200617_trypsin_apo/naoki/_kamo_30deg/CPS4483-03/data00/cry00_3301-3600/XDS_ASCII.HKL_noscale
/isilon/users/target/target/Staff/mat/200617_trypsin_mizutaki/naoki/_kamo_30deg/merge_ccc-cc2-ward_1.2S_tryp02/input_files/200617_trypsin_apo/naoki/_kamo_30deg/CPS4483-03/data00/cry00_1801-2100/XDS_ASCII.HKL_noscale
/isilon/users/target/target/Staff/mat/200617_trypsin_mizutaki/naoki/_kamo_30deg/merge_ccc-cc2-ward_1.2S_tryp02/input_files/200617_trypsin_apo/naoki/_kamo_30deg/CPS4483-04/data00/cry00_2401-2700/XDS_ASCII.HKL_noscale
/isilon/users/target/target/Staff/mat/200617_trypsin_mizutaki/naoki/_kamo_30deg/merge_ccc-cc2-ward_1.2S_tryp02/input_files/200617_trypsin_apo/naoki/_kamo_30deg/CPS4483-04/data00/cry00_1201-1500/XDS_ASCII.HKL_noscale
/isilon/users/target/target/Staff/mat/200617_trypsin_mizutaki/naoki/_kamo_30deg/merge_ccc-cc2-ward_1.2S_tryp02/input_files/200617_trypsin_apo/naoki/_kamo_30deg/CPS4483-04/data00/cry00_601-900/XDS_ASCII.HKL_noscale
/isilon/users/target/target/Staff/mat/200617_trypsin_mizutaki/naoki/_kamo_30deg/merge_ccc-cc2-ward_1.2S_tryp02/input_files/200617_trypsin_apo/naoki/_kamo_30deg/CPS4483-04/data00/cry00_3001-3300/XDS_ASCII.HKL_noscale
/isilon/users/target/target/Staff/mat/200617_trypsin_mizutaki/naoki/_kamo_30deg/merge_ccc-cc2-ward_1.2S_tryp02/input_files/200617_trypsin_apo/naoki/_kamo_30deg/CPS4483-04/data00/cry00_2701-3000/XDS_ASCII.HKL_noscale
/isilon/users/target/target/Staff/mat/200617_trypsin_mizutaki/naoki/_kamo_30deg/merge_ccc-cc2-ward_1.2S_tryp02/input_files/200617_trypsin_apo/naoki/_kamo_30deg/CPS4483-04/data00/cry00_301-600/XDS_ASCII.HKL_noscale
/isilon/users/target/target/Staff/mat/200617_trypsin_mizutaki/naoki/_kamo_30deg/merge_ccc-cc2-ward_1.2S_tryp02/input_files/200617_trypsin_apo/naoki/_kamo_30deg/CPS4483-04/data00/cry00_901-1200/XDS_ASCII.HKL_noscale
/isilon/users/target/target/Staff/mat/200617_trypsin_mizutaki/naoki/_kamo_30deg/merge_ccc-cc2-ward_1.2S_tryp02/input_files/200617_trypsin_apo/naoki/_kamo_30deg/CPS4483-04/data00/cry00_2101-2400/XDS_ASCII.HKL_noscale
/isilon/users/target/target/Staff/mat/200617_trypsin_mizutaki/naoki/_kamo_30deg/merge_ccc-cc2-ward_1.2S_tryp02/input_files/200617_trypsin_apo/naoki/_kamo_30deg/CPS4483-04/data00/cry00_1-300/XDS_ASCII.HKL_noscale
/isilon/users/target/target/Staff/mat/200617_trypsin_mizutaki/naoki/_kamo_30deg/merge_ccc-cc2-ward_1.2S_tryp02/input_files/200617_trypsin_apo/naoki/_kamo_30deg/CPS4483-04/data00/cry00_1501-1800/XDS_ASCII.HKL_noscale
/isilon/users/target/target/Staff/mat/200617_trypsin_mizutaki/naoki/_kamo_30deg/merge_ccc-cc2-ward_1.2S_tryp02/input_files/200617_trypsin_apo/naoki/_kamo_30deg/CPS4483-04/data00/cry00_3301-3600/XDS_ASCII.HKL_noscale
/isilon/users/target/target/Staff/mat/200617_trypsin_mizutaki/naoki/_kamo_30deg/merge_ccc-cc2-ward_1.2S_tryp02/input_files/200617_trypsin_apo/naoki/_kamo_30deg/CPS4483-04/data00/cry00_1801-2100/XDS_ASCII.HKL_noscale
/isilon/users/target/target/Staff/mat/200617_trypsin_mizutaki/naoki/_kamo_30deg/merge_ccc-cc2-ward_1.2S_tryp02/input_files/200625_trypsin_mizutaki/naoki/_kamo_30deg/CPS4483-01/data00/cry00_2401-2700/XDS_ASCII.HKL_noscale
/isilon/users/target/target/Staff/mat/200617_trypsin_mizutaki/naoki/_kamo_30deg/merge_ccc-cc2-ward_1.2S_tryp02/input_files/200625_trypsin_mizutaki/naoki/_kamo_30deg/CPS4483-01/data00/cry00_1201-1500/XDS_ASCII.HKL_noscale
/isilon/users/target/target/Staff/mat/200617_trypsin_mizutaki/naoki/_kamo_30deg/merge_ccc-cc2-ward_1.2S_tryp02/input_files/200625_trypsin_mizutaki/naoki/_kamo_30deg/CPS4483-01/data00/cry00_601-900/XDS_ASCII.HKL_noscale
/isilon/users/target/target/Staff/mat/200617_trypsin_mizutaki/naoki/_kamo_30deg/merge_ccc-cc2-ward_1.2S_tryp02/input_files/200625_trypsin_mizutaki/naoki/_kamo_30deg/CPS4483-01/data00/cry00_2701-3000/XDS_ASCII.HKL_noscale
/isilon/users/target/target/Staff/mat/200617_trypsin_mizutaki/naoki/_kamo_30deg/merge_ccc-cc2-ward_1.2S_tryp02/input_files/200625_trypsin_mizutaki/naoki/_kamo_30deg/CPS4483-01/data00/cry00_301-600/XDS_ASCII.HKL_noscale
/isilon/users/target/target/Staff/mat/200617_trypsin_mizutaki/naoki/_kamo_30deg/merge_ccc-cc2-ward_1.2S_tryp02/input_files/200625_trypsin_mizutaki/naoki/_kamo_30deg/CPS4483-01/data00/cry00_901-1200/XDS_ASCII.HKL_noscale
/isilon/users/target/target/Staff/mat/200617_trypsin_mizutaki/naoki/_kamo_30deg/merge_ccc-cc2-ward_1.2S_tryp02/input_files/200625_trypsin_mizutaki/naoki/_kamo_30deg/CPS4483-01/data00/cry00_2101-2400/XDS_ASCII.HKL_noscale
/isilon/users/target/target/Staff/mat/200617_trypsin_mizutaki/naoki/_kamo_30deg/merge_ccc-cc2-ward_1.2S_tryp02/input_files/200625_trypsin_mizutaki/naoki/_kamo_30deg/CPS4483-01/data00/cry00_1-300/XDS_ASCII.HKL_noscale
/isilon/users/target/target/Staff/mat/200617_trypsin_mizutaki/naoki/_kamo_30deg/merge_ccc-cc2-ward_1.2S_tryp02/input_files/200625_trypsin_mizutaki/naoki/_kamo_30deg/CPS4483-01/data00/cry00_1501-1800/XDS_ASCII.HKL_noscale
/isilon/users/target/target/Staff/mat/200617_trypsin_mizutaki/naoki/_kamo_30deg/merge_ccc-cc2-ward_1.2S_tryp02/input_files/200625_trypsin_mizutaki/naoki/_kamo_30deg/CPS4483-01/data00/cry00_1801-2100/XDS_ASCII.HKL_noscale
/isilon/users/target/target/Staff/mat/200617_trypsin_mizutaki/naoki/_kamo_30deg/merge_ccc-cc2-ward_1.2S_tryp02/input_files/200625_trypsin_mizutaki/naoki/_kamo_30deg/CPS4483-02/data00/cry00_2401-2700/XDS_ASCII.HKL_noscale
/isilon/users/target/target/Staff/mat/200617_trypsin_mizutaki/naoki/_kamo_30deg/merge_ccc-cc2-ward_1.2S_tryp02/input_files/200625_trypsin_mizutaki/naoki/_kamo_30deg/CPS4483-02/data00/cry00_3001-3300/XDS_ASCII.HKL_noscale
/isilon/users/target/target/Staff/mat/200617_trypsin_mizutaki/naoki/_kamo_30deg/merge_ccc-cc2-ward_1.2S_tryp02/input_files/200625_trypsin_mizutaki/naoki/_kamo_30deg/CPS4483-02/data00/cry00_2701-3000/XDS_ASCII.HKL_noscale
/isilon/users/target/target/Staff/mat/200617_trypsin_mizutaki/naoki/_kamo_30deg/merge_ccc-cc2-ward_1.2S_tryp02/input_files/200625_trypsin_mizutaki/naoki/_kamo_30deg/CPS4483-02/data00/cry00_1501-1800/XDS_ASCII.HKL_noscale
/isilon/users/target/target/Staff/mat/200617_trypsin_mizutaki/naoki/_kamo_30deg/merge_ccc-cc2-ward_1.2S_tryp02/input_files/200625_trypsin_mizutaki/naoki/_kamo_30deg/CPS4483-02/data00/cry00_3301-3600/XDS_ASCII.HKL_noscale
/isilon/users/target/target/Staff/mat/200617_trypsin_mizutaki/naoki/_kamo_30deg/merge_ccc-cc2-ward_1.2S_tryp02/input_files/200625_trypsin_mizutaki/naoki/_kamo_30deg/CPS4483-03/data00/cry00_2401-2700/XDS_ASCII.HKL_noscale
/isilon/users/target/target/Staff/mat/200617_trypsin_mizutaki/naoki/_kamo_30deg/merge_ccc-cc2-ward_1.2S_tryp02/input_files/200625_trypsin_mizutaki/naoki/_kamo_30deg/CPS4483-03/data00/cry00_601-900/XDS_ASCII.HKL_noscale
/isilon/users/target/target/Staff/mat/200617_trypsin_mizutaki/naoki/_kamo_30deg/merge_ccc-cc2-ward_1.2S_tryp02/input_files/200625_trypsin_mizutaki/naoki/_kamo_30deg/CPS4483-03/data00/cry00_3001-3300/XDS_ASCII.HKL_noscale
/isilon/users/target/target/Staff/mat/200617_trypsin_mizutaki/naoki/_kamo_30deg/merge_ccc-cc2-ward_1.2S_tryp02/input_files/200625_trypsin_mizutaki/naoki/_kamo_30deg/CPS4483-03/data00/cry00_2701-3000/XDS_ASCII.HKL_noscale
/isilon/users/target/target/Staff/mat/200617_trypsin_mizutaki/naoki/_kamo_30deg/merge_ccc-cc2-ward_1.2S_tryp02/input_files/200625_trypsin_mizutaki/naoki/_kamo_30deg/CPS4483-03/data00/cry00_301-600/XDS_ASCII.HKL_noscale
/isilon/users/target/target/Staff/mat/200617_trypsin_mizutaki/naoki/_kamo_30deg/merge_ccc-cc2-ward_1.2S_tryp02/input_files/200625_trypsin_mizutaki/naoki/_kamo_30deg/CPS4483-03/data00/cry00_2101-2400/XDS_ASCII.HKL_noscale
/isilon/users/target/target/Staff/mat/200617_trypsin_mizutaki/naoki/_kamo_30deg/merge_ccc-cc2-ward_1.2S_tryp02/input_files/200625_trypsin_mizutaki/naoki/_kamo_30deg/CPS4483-03/data00/cry00_1-300/XDS_ASCII.HKL_noscale
/isilon/users/target/target/Staff/mat/200617_trypsin_mizutaki/naoki/_kamo_30deg/merge_ccc-cc2-ward_1.2S_tryp02/input_files/200625_trypsin_mizutaki/naoki/_kamo_30deg/CPS4483-03/data00/cry00_3301-3600/XDS_ASCII.HKL_noscale
/isilon/users/target/target/Staff/mat/200617_trypsin_mizutaki/naoki/_kamo_30deg/merge_ccc-cc2-ward_1.2S_tryp02/input_files/200625_trypsin_mizutaki/naoki/_kamo_30deg/CPS4483-03/data00/cry00_1801-2100/XDS_ASCII.HKL_noscale
/isilon/users/target/target/Staff/mat/200617_trypsin_mizutaki/naoki/_kamo_30deg/merge_ccc-cc2-ward_1.2S_tryp02/input_files/200625_trypsin_mizutaki/naoki/_kamo_30deg/CPS4483-04/data00/cry00_2401-2700/XDS_ASCII.HKL_noscale
/isilon/users/target/target/Staff/mat/200617_trypsin_mizutaki/naoki/_kamo_30deg/merge_ccc-cc2-ward_1.2S_tryp02/input_files/200625_trypsin_mizutaki/naoki/_kamo_30deg/CPS4483-04/data00/cry00_1201-1500/XDS_ASCII.HKL_noscale
/isilon/users/target/target/Staff/mat/200617_trypsin_mizutaki/naoki/_kamo_30deg/merge_ccc-cc2-ward_1.2S_tryp02/input_files/200625_trypsin_mizutaki/naoki/_kamo_30deg/CPS4483-04/data00/cry00_601-900/XDS_ASCII.HKL_noscale
/isilon/users/target/target/Staff/mat/200617_trypsin_mizutaki/naoki/_kamo_30deg/merge_ccc-cc2-ward_1.2S_tryp02/input_files/200625_trypsin_mizutaki/naoki/_kamo_30deg/CPS4483-04/data00/cry00_3001-3300/XDS_ASCII.HKL_noscale
/isilon/users/target/target/Staff/mat/200617_trypsin_mizutaki/naoki/_kamo_30deg/merge_ccc-cc2-ward_1.2S_tryp02/input_files/200625_trypsin_mizutaki/naoki/_kamo_30deg/CPS4483-04/data00/cry00_2701-3000/XDS_ASCII.HKL_noscale
/isilon/users/target/target/Staff/mat/200617_trypsin_mizutaki/naoki/_kamo_30deg/merge_ccc-cc2-ward_1.2S_tryp02/input_files/200625_trypsin_mizutaki/naoki/_kamo_30deg/CPS4483-04/data00/cry00_301-600/XDS_ASCII.HKL_noscale
/isilon/users/target/target/Staff/mat/200617_trypsin_mizutaki/naoki/_kamo_30deg/merge_ccc-cc2-ward_1.2S_tryp02/input_files/200625_trypsin_mizutaki/naoki/_kamo_30deg/CPS4483-04/data00/cry00_901-1200/XDS_ASCII.HKL_noscale
/isilon/users/target/target/Staff/mat/200617_trypsin_mizutaki/naoki/_kamo_30deg/merge_ccc-cc2-ward_1.2S_tryp02/input_files/200625_trypsin_mizutaki/naoki/_kamo_30deg/CPS4483-04/data00/cry00_2101-2400/XDS_ASCII.HKL_noscale
/isilon/users/target/target/Staff/mat/200617_trypsin_mizutaki/naoki/_kamo_30deg/merge_ccc-cc2-ward_1.2S_tryp02/input_files/200625_trypsin_mizutaki/naoki/_kamo_30deg/CPS4483-04/data00/cry00_1-300/XDS_ASCII.HKL_noscale
/isilon/users/target/target/Staff/mat/200617_trypsin_mizutaki/naoki/_kamo_30deg/merge_ccc-cc2-ward_1.2S_tryp02/input_files/200625_trypsin_mizutaki/naoki/_kamo_30deg/CPS4483-04/data00/cry00_1501-1800/XDS_ASCII.HKL_noscale
/isilon/users/target/target/Staff/mat/200617_trypsin_mizutaki/naoki/_kamo_30deg/merge_ccc-cc2-ward_1.2S_tryp02/input_files/200625_trypsin_mizutaki/naoki/_kamo_30deg/CPS4483-04/data00/cry00_3301-3600/XDS_ASCII.HKL_noscale
/isilon/users/target/target/Staff/mat/200617_trypsin_mizutaki/naoki/_kamo_30deg/merge_ccc-cc2-ward_1.2S_tryp02/input_files/200625_trypsin_mizutaki/naoki/_kamo_30deg/CPS4483-04/data00/cry00_1801-2100/XDS_ASCII.HKL_noscale